F                                                                        [100%]
================================== FAILURES ===================================
________ test_real_chroma_hard_exit_is_restored_across_fresh_processes ________

tmp_path = WindowsPath('C:/Users/Milky/AppData/Local/Temp/pytest-of-Milky/pytest-555/test_real_chroma_hard_exit_is_0')

    def test_real_chroma_hard_exit_is_restored_across_fresh_processes(tmp_path):
>       result = run_probe(
            artifact_root=tmp_path / "artifacts",
            scratch_parent=tmp_path / "scratch",
            phase_timeout_seconds=90,
        )

tests\test_receipt_restart_probe.py:7: 
_ _ _ _ _ _ _ _ _ _ _ _ _ _ _ _ _ _ _ _ _ _ _ _ _ _ _ _ _ _ _ _ _ _ _ _ _ _ _ _
mempalace\receipt_restart_probe.py:581: in run_probe
    _durable_json(final_path, payload)
_ _ _ _ _ _ _ _ _ _ _ _ _ _ _ _ _ _ _ _ _ _ _ _ _ _ _ _ _ _ _ _ _ _ _ _ _ _ _ _

path = WindowsPath('C:/Users/Milky/AppData/Local/Temp/pytest-of-Milky/pytest-555/test_real_chroma_hard_exit_is_0/artifacts/20260714T141150Z-d94dafe2/probe-result.json')
payload = {'artifactDirectory': 'C:\\Users\\Milky\\AppData\\Local\\Temp\\pytest-of-Milky\\pytest-555\\test_real_chroma_hard_exit...alse, 'succeeded': False}, 'durationSeconds': 3.922, 'failure': 'phase seed did not reach expected exit boundary', ...}

    def _durable_json(path: Path, payload: Mapping[str, Any]) -> None:
        path.parent.mkdir(parents=True, exist_ok=True)
        temporary = path.with_name(f".{path.name}.{uuid.uuid4().hex}.tmp")
        serialized = json.dumps(payload, indent=2, sort_keys=True) + "\n"
        try:
            with temporary.open("x", encoding="utf-8", newline="\n") as handle:
                handle.write(serialized)
                handle.flush()
                os.fsync(handle.fileno())
            os.replace(temporary, path)
            with path.open("rb") as handle:
>               os.fsync(handle.fileno())
E               OSError: [Errno 9] Bad file descriptor

mempalace\receipt_restart_probe.py:73: OSError
=========================== short test summary info ===========================
FAILED tests/test_receipt_restart_probe.py::test_real_chroma_hard_exit_is_restored_across_fresh_processes
1 failed in 4.45s
