{
  "artifactDirectory": "C:\\Users\\Milky\\AppData\\Local\\MemSys\\eval-artifacts\\mempalace-write-receipt-restart\\20260714T143144Z-60b71657",
  "artifactPath": "C:\\Users\\Milky\\AppData\\Local\\MemSys\\eval-artifacts\\mempalace-write-receipt-restart\\20260714T143144Z-60b71657\\probe-result.json",
  "cleanup": {
    "attempted": true,
    "succeeded": true
  },
  "durationSeconds": 6.331,
  "failure": null,
  "finishedAt": "2026-07-14T14:31:50.690670Z",
  "phases": [
    {
      "durationSeconds": 1.767,
      "exitCode": 0,
      "exitMatched": true,
      "expectedExitCode": 0,
      "phase": "seed",
      "stderrLog": "C:\\Users\\Milky\\AppData\\Local\\MemSys\\eval-artifacts\\mempalace-write-receipt-restart\\20260714T143144Z-60b71657\\phase-seed.stderr.log",
      "stdoutLog": "C:\\Users\\Milky\\AppData\\Local\\MemSys\\eval-artifacts\\mempalace-write-receipt-restart\\20260714T143144Z-60b71657\\phase-seed.stdout.log",
      "timedOut": false
    },
    {
      "durationSeconds": 1.584,
      "exitCode": 73,
      "exitMatched": true,
      "expectedExitCode": 73,
      "phase": "interrupt",
      "stderrLog": "C:\\Users\\Milky\\AppData\\Local\\MemSys\\eval-artifacts\\mempalace-write-receipt-restart\\20260714T143144Z-60b71657\\phase-interrupt.stderr.log",
      "stdoutLog": "C:\\Users\\Milky\\AppData\\Local\\MemSys\\eval-artifacts\\mempalace-write-receipt-restart\\20260714T143144Z-60b71657\\phase-interrupt.stdout.log",
      "timedOut": false
    },
    {
      "durationSeconds": 1.505,
      "exitCode": 0,
      "exitMatched": true,
      "expectedExitCode": 0,
      "phase": "recover",
      "stderrLog": "C:\\Users\\Milky\\AppData\\Local\\MemSys\\eval-artifacts\\mempalace-write-receipt-restart\\20260714T143144Z-60b71657\\phase-recover.stderr.log",
      "stdoutLog": "C:\\Users\\Milky\\AppData\\Local\\MemSys\\eval-artifacts\\mempalace-write-receipt-restart\\20260714T143144Z-60b71657\\phase-recover.stdout.log",
      "timedOut": false
    },
    {
      "durationSeconds": 1.457,
      "exitCode": 0,
      "exitMatched": true,
      "expectedExitCode": 0,
      "phase": "verify",
      "stderrLog": "C:\\Users\\Milky\\AppData\\Local\\MemSys\\eval-artifacts\\mempalace-write-receipt-restart\\20260714T143144Z-60b71657\\phase-verify.stderr.log",
      "stdoutLog": "C:\\Users\\Milky\\AppData\\Local\\MemSys\\eval-artifacts\\mempalace-write-receipt-restart\\20260714T143144Z-60b71657\\phase-verify.stdout.log",
      "timedOut": false
    }
  ],
  "processBoundary": {
    "expectedHardExitCode": 73,
    "expectedHardExitObserved": true,
    "overlappingPersistentClients": false,
    "strictlySequential": true
  },
  "recovery": {
    "action": "restore",
    "remainingRecoveries": 0,
    "restoredRows": 1,
    "sqliteIntegrity": "ok",
    "vectorQueryTopId": "restart-probe-baseline"
  },
  "runId": "20260714T143144Z-60b71657",
  "schema": "mempalace-write-receipt-restart-probe/v1",
  "scope": {
    "disposableWorkspaceMarkerValidated": true,
    "historicalSourcesRead": false,
    "livePalaceTouched": false,
    "mutationTarget": "disposable-synthetic-chroma",
    "networkRequired": false,
    "providerCalls": false,
    "railwayAccessed": false
  },
  "startedAt": "2026-07-14T14:31:44.359240Z",
  "status": "ok",
  "versions": {
    "chromadb": "1.5.9",
    "python": "3.13.2"
  }
}
