......................................F................................. [ 75%]
.......................                                                  [100%]
================================== FAILURES ===================================
__________ TestDiaryIngest.test_ingest_skips_unchanged_on_second_run __________

self = <mempalace.backends.chroma.ChromaCollection object at 0x000001D048A17D90>
ids = ['drawer_diary_14205b68758d4b3ccd03fb0e']

    def get_exact_embeddings(self, ids: list[str]) -> dict[str, tuple[float, ...]]:
        """Read exact vectors through Chroma's supported collection API."""
        try:
>           result = self.get(ids=ids, include=["embeddings"])
                     ^^^^^^^^^^^^^^^^^^^^^^^^^^^^^^^^^^^^^^^^^

mempalace\backends\chroma.py:897: 
_ _ _ _ _ _ _ _ _ _ _ _ _ _ _ _ _ _ _ _ _ _ _ _ _ _ _ _ _ _ _ _ _ _ _ _ _ _ _ _
mempalace\backends\chroma.py:875: in get
    raw = self._collection.get(**kwargs)
          ^^^^^^^^^^^^^^^^^^^^^^^^^^^^^^
.venv\Lib\site-packages\chromadb\api\models\Collection.py:159: in get
    get_results = self._client._get(
_ _ _ _ _ _ _ _ _ _ _ _ _ _ _ _ _ _ _ _ _ _ _ _ _ _ _ _ _ _ _ _ _ _ _ _ _ _ _ _

self = <chromadb.api.rust.RustBindingsAPI object at 0x000001D0482BB710>
collection_id = UUID('7a992bd9-e95e-4978-9fef-14bb2fde209f')
ids = ['drawer_diary_14205b68758d4b3ccd03fb0e'], where = None, limit = None
offset = None, where_document = None, include = ['embeddings']
tenant = 'default_tenant', database = 'default_database'

    @override
    def _get(
        self,
        collection_id: UUID,
        ids: Optional[IDs] = None,
        where: Optional[Where] = None,
        limit: Optional[int] = None,
        offset: Optional[int] = None,
        where_document: Optional[WhereDocument] = None,
        include: Include = IncludeMetadataDocuments,
        tenant: str = DEFAULT_TENANT,
        database: str = DEFAULT_DATABASE,
    ) -> GetResult:
        ids_amount = len(ids) if ids else 0
        self.product_telemetry_client.capture(
            CollectionGetEvent(
                collection_uuid=str(collection_id),
                ids_count=ids_amount,
                limit=limit if limit else 0,
                include_metadata=ids_amount if "metadatas" in include else 0,
                include_documents=ids_amount if "documents" in include else 0,
                include_uris=ids_amount if "uris" in include else 0,
            )
        )
    
>       rust_response = self.bindings.get(
            str(collection_id),
            ids,
            json.dumps(where) if where else None,
            limit,
            offset or 0,
            json.dumps(where_document) if where_document else None,
            include,
            tenant,
            database,
        )
E       chromadb.errors.InternalError: Error executing plan: Internal error: Error creating hnsw segment reader: Nothing found on disk

.venv\Lib\site-packages\chromadb\api\rust.py:440: InternalError

The above exception was the direct cause of the following exception:

collection = <mempalace.backends.chroma.ChromaCollection object at 0x000001D048A17D90>
item_ids = ['drawer_diary_14205b68758d4b3ccd03fb0e']

    def _collection_embeddings_for_ids(
        collection: Any,
        item_ids: list[str],
    ) -> dict[str, Optional[tuple[Any, ...]]]:
        """Read exact embeddings separately from deterministic document/metadata proof."""
        exact_reader = getattr(collection, "get_exact_embeddings", None)
        if callable(exact_reader):
            from .backends.base import EmbeddingVisibilityError
    
            try:
>               return exact_reader(item_ids)
                       ^^^^^^^^^^^^^^^^^^^^^^

mempalace\write_receipts.py:2244: 
_ _ _ _ _ _ _ _ _ _ _ _ _ _ _ _ _ _ _ _ _ _ _ _ _ _ _ _ _ _ _ _ _ _ _ _ _ _ _ _

self = <mempalace.backends.chroma.ChromaCollection object at 0x000001D048A17D90>
ids = ['drawer_diary_14205b68758d4b3ccd03fb0e']

    def get_exact_embeddings(self, ids: list[str]) -> dict[str, tuple[float, ...]]:
        """Read exact vectors through Chroma's supported collection API."""
        try:
            result = self.get(ids=ids, include=["embeddings"])
        except Exception as exc:
            message = str(exc)
            if "Nothing found on disk" in message or "Error finding id" in message:
>               raise EmbeddingVisibilityError(
                    "Chroma exact embeddings are not yet visible in its vector view"
                ) from exc
E               mempalace.backends.base.EmbeddingVisibilityError: Chroma exact embeddings are not yet visible in its vector view

mempalace\backends\chroma.py:901: EmbeddingVisibilityError

The above exception was the direct cause of the following exception:

self = <test_closets.TestDiaryIngest object at 0x000001D0489DE010>
tmp_path = WindowsPath('C:/Users/Milky/AppData/Local/Temp/pytest-of-Milky/pytest-639/test_ingest_skips_unchanged_on0')

    def test_ingest_skips_unchanged_on_second_run(self, tmp_path):
        diary_dir = tmp_path / "diaries"
        diary_dir.mkdir()
        (diary_dir / "2026-04-13.md").write_text(
            "# 2026-04-13\n\n## 10:00 — Test\n\nContent here that's long enough.\n",
            encoding="utf-8",
        )
        palace_dir = tmp_path / "palace"
    
        from mempalace.diary_ingest import ingest_diaries
    
        ingest_diaries(str(diary_dir), str(palace_dir), force=True)
>       result = ingest_diaries(str(diary_dir), str(palace_dir))
                 ^^^^^^^^^^^^^^^^^^^^^^^^^^^^^^^^^^^^^^^^^^^^^^^

tests\test_closets.py:819: 
_ _ _ _ _ _ _ _ _ _ _ _ _ _ _ _ _ _ _ _ _ _ _ _ _ _ _ _ _ _ _ _ _ _ _ _ _ _ _ _
mempalace\diary_ingest.py:420: in ingest_diaries
    return _ingest_diary_files_locked(
mempalace\diary_ingest.py:346: in _ingest_diary_files_locked
    result = managed_adapter_ingest(
mempalace\provenance.py:62: in managed_adapter_ingest
    return _managed_adapter_ingest_locked(
mempalace\provenance.py:255: in _managed_adapter_ingest_locked
    _complete_reused_context_receipt(
mempalace\sources\_context_capabilities.py:226: in complete_reused_context_receipt
    return complete_reused_receipt(
mempalace\write_receipts.py:1686: in complete_reused_receipt
    snapshots = {
mempalace\write_receipts.py:1687: in <dictcomp>
    name: snapshot_managed_source_rows(
mempalace\write_receipts.py:1385: in snapshot_managed_source_rows
    rows = _collection_rows_for_ids(collection, item_ids, include_embeddings=True)
           ^^^^^^^^^^^^^^^^^^^^^^^^^^^^^^^^^^^^^^^^^^^^^^^^^^^^^^^^^^^^^^^^^^^^^^^
mempalace\write_receipts.py:2220: in _collection_rows_for_ids
    _collection_embeddings_for_ids(collection, ids) if include_embeddings and ids else {}
    ^^^^^^^^^^^^^^^^^^^^^^^^^^^^^^^^^^^^^^^^^^^^^^^
_ _ _ _ _ _ _ _ _ _ _ _ _ _ _ _ _ _ _ _ _ _ _ _ _ _ _ _ _ _ _ _ _ _ _ _ _ _ _ _

collection = <mempalace.backends.chroma.ChromaCollection object at 0x000001D048A17D90>
item_ids = ['drawer_diary_14205b68758d4b3ccd03fb0e']

    def _collection_embeddings_for_ids(
        collection: Any,
        item_ids: list[str],
    ) -> dict[str, Optional[tuple[Any, ...]]]:
        """Read exact embeddings separately from deterministic document/metadata proof."""
        exact_reader = getattr(collection, "get_exact_embeddings", None)
        if callable(exact_reader):
            from .backends.base import EmbeddingVisibilityError
    
            try:
                return exact_reader(item_ids)
            except EmbeddingVisibilityError as exc:
>               raise ReceiptIdentityError(
                    "collection exact embeddings are not yet available through its supported API"
                ) from exc
E               mempalace.write_receipts.ReceiptIdentityError: collection exact embeddings are not yet available through its supported API

mempalace\write_receipts.py:2246: ReceiptIdentityError
---------------------------- Captured stdout call -----------------------------
Diary: 1 days updated, 1 closets written
============================== warnings summary ===============================
tests/test_closets.py: 39 warnings
tests/test_miner.py: 21 warnings
  S:\source\CCAI\Assistants\tools\Memory\mempalace\.venv\Lib\site-packages\chromadb\api\collection_configuration.py:327: DeprecationWarning: legacy embedding function config: '_DeterministicEmbeddingFunction' object has no attribute 'is_legacy'
    return json.dumps(create_collection_configuration_to_json(config, metadata))

tests/test_closets.py::TestSearchMemoriesHybrid::test_pure_drawer_when_no_closets
tests/test_closets.py::TestSearchMemoriesHybrid::test_closet_boost_marks_hit_as_drawer_plus_closet
tests/test_closets.py::TestSearchMemoriesHybrid::test_max_distance_filters_hybrid_hits
  S:\source\CCAI\Assistants\tools\Memory\mempalace\.venv\Lib\site-packages\chromadb\types.py:152: DeprecationWarning: legacy embedding function config
    return load_collection_configuration_from_json(self.configuration_json)

-- Docs: https://docs.pytest.org/en/stable/how-to/capture-warnings.html
=========================== short test summary info ===========================
FAILED tests/test_closets.py::TestDiaryIngest::test_ingest_skips_unchanged_on_second_run
1 failed, 94 passed, 63 warnings in 23.38s
