
  git-toolkit - Pre-Push Quality Checks
  Repo: S:\source\CCAI\Assistants\tools\Memory\mempalace

  [1/4] Deep secret scan...

  Secret Scanner - mempalace
  2026-07-15 02:03

  [1/3] Config files...
  Scanned 38 config file(s)
  [2/3] Environment files...
  [3/3] Git config...
  [+] Deep scan...
  Deep scan candidates: 12 file(s)
  Deep scanned 12 file(s)

  [OK] No secrets found.

  [4/4] Python tests...
........................................................................ [  4%]
........................................................................ [  8%]
........................................................................ [ 12%]
........................................................................ [ 16%]
........................................................................ [ 21%]
........................................................................ [ 25%]
........................................................................ [ 29%]
........................................................................ [ 33%]
..................................................s..................... [ 38%]
....sss................................................................. [ 42%]
........................................................................ [ 46%]
........................................................................ [ 50%]
........................................................................ [ 54%]
.............................................................s.......... [ 59%]
........................................................................ [ 63%]
........................................................................ [ 67%]
........................................................................ [ 71%]
................s....................................................... [ 76%]
........................................................................ [ 80%]
........................................................................ [ 84%]
........................s............................................... [ 88%]
........................................................................ [ 93%]
........................................................................ [ 97%]
..............................................                           [100%]
============================== warnings summary ===============================
tests/test_backends.py: 8 warnings
tests/test_cli.py: 2 warnings
tests/test_closet_llm.py: 4 warnings
tests/test_closets.py: 25 warnings
tests/test_collection_metric_invariant.py: 7 warnings
tests/test_convo_miner.py: 4 warnings
tests/test_exporter.py: 7 warnings
tests/test_hall_detection.py: 4 warnings
tests/test_hybrid_candidate_union.py: 9 warnings
tests/test_hybrid_search.py: 8 warnings
tests/test_mcp_server.py: 33 warnings
tests/test_miner.py: 21 warnings
tests/test_searcher.py: 15 warnings
tests/test_sweeper.py: 5 warnings
tests/test_write_receipts.py: 1 warning
  C:\Users\Milky\AppData\Local\Programs\Python\Python313\Lib\site-packages\chromadb\api\collection_configuration.py:327: DeprecationWarning: legacy embedding function config: '_DeterministicEmbeddingFunction' object has no attribute 'is_legacy'
    return json.dumps(create_collection_configuration_to_json(config, metadata))

tests/test_closets.py: 3 warnings
tests/test_mcp_server.py: 15 warnings
tests/test_searcher.py: 14 warnings
  C:\Users\Milky\AppData\Local\Programs\Python\Python313\Lib\site-packages\chromadb\types.py:152: DeprecationWarning: legacy embedding function config
    return load_collection_configuration_from_json(self.configuration_json)

tests/test_fact_checker.py::TestCLI::test_exits_nonzero_when_issues_found
  <frozen runpy>:128: RuntimeWarning: 'mempalace.fact_checker' found in sys.modules after import of package 'mempalace', but prior to execution of 'mempalace.fact_checker'; this may result in unpredictable behaviour

-- Docs: https://docs.pytest.org/en/stable/how-to/capture-warnings.html
1695 passed, 7 skipped, 106 deselected, 186 warnings in 123.87s (0:02:03)

  [OK] All quality checks passed.
